// Jest Snapshot v1, https://goo.gl/fbAQLP

exports[`cart item renders 1`] = `
<div>
  <div
    class="cart-item-div"
  >
    <p />
    <p />
    <button
      class="decrement-button"
    >
      -
    </button>
    <label
      class="quantity-input"
      for="quantity-input"
    >
      Quantity:
      <input
        id="quantity-input"
        type="number"
        value=""
      />
    </label>
    <span />
    <button
      class="increment-button"
    >
      +
    </button>
  </div>
</div>
`;
