// Jest Snapshot v1, https://goo.gl/fbAQLP

exports[`cart renders 1`] = `
<div>
  <div
    class="cart"
  >
    <h1>
      Cart
    </h1>
    <h3>
      0
    </h3>
  </div>
</div>
`;
