// Jest Snapshot v1, https://goo.gl/fbAQLP

exports[`navbar renders 1`] = `
<div
  class="navbar"
>
  <h1>
    Asteroids
  </h1>
  <div
    class="nav-links"
  >
    <ul>
      <li>
        <a
          href="/home"
        >
          Home
        </a>
      </li>
      <li>
        <a
          href="/shop"
        >
          Shop
        </a>
      </li>
      <li>
        <a
          href="/shop/cart"
        >
          Cart
        </a>
      </li>
    </ul>
  </div>
</div>
`;
